     1 00000000                                 [FORMAT "WCOFF"]
     2 00000000                                 [INSTRSET "i486p"]
     3 00000000                                 [OPTIMIZE 1]
     4 00000000                                 [OPTION 1]
     5 00000000                                 [BITS 32]
     6 00000000                                 	EXTERN	_io_in8
     7 00000000                                 	EXTERN	_io_out8
     8 00000000                                 [FILE "Key_Mouse.c"]
     9                                          [SECTION .text]
    10 00000000                                 	GLOBAL	_wait_KBC_sendready
    11 00000000                                 _wait_KBC_sendready:
    12 00000000 55                              	PUSH	EBP
    13 00000001 89 E5                           	MOV	EBP,ESP
    14 00000003                                 L2:
    15 00000003 6A 64                           	PUSH	100
    16 00000005 E8 [00000000]                   	CALL	_io_in8
    17 0000000A 5A                              	POP	EDX
    18 0000000B 83 E0 02                        	AND	EAX,2
    19 0000000E 75 F3                           	JNE	L2
    20 00000010 C9                              	LEAVE
    21 00000011 C3                              	RET
    22 00000012                                 	GLOBAL	_Init_Keyboard
    23 00000012                                 _Init_Keyboard:
    24 00000012 55                              	PUSH	EBP
    25 00000013 89 E5                           	MOV	EBP,ESP
    26 00000015 E8 FFFFFFE6                     	CALL	_wait_KBC_sendready
    27 0000001A 6A 60                           	PUSH	96
    28 0000001C 6A 64                           	PUSH	100
    29 0000001E E8 [00000000]                   	CALL	_io_out8
    30 00000023 E8 FFFFFFD8                     	CALL	_wait_KBC_sendready
    31 00000028 6A 47                           	PUSH	71
    32 0000002A 6A 60                           	PUSH	96
    33 0000002C E8 [00000000]                   	CALL	_io_out8
    34 00000031 C9                              	LEAVE
    35 00000032 C3                              	RET
    36 00000033                                 	GLOBAL	_Enable_Mouse
    37 00000033                                 _Enable_Mouse:
    38 00000033 55                              	PUSH	EBP
    39 00000034 89 E5                           	MOV	EBP,ESP
    40 00000036 E8 FFFFFFC5                     	CALL	_wait_KBC_sendready
    41 0000003B 68 000000D4                     	PUSH	212
    42 00000040 6A 64                           	PUSH	100
    43 00000042 E8 [00000000]                   	CALL	_io_out8
    44 00000047 E8 FFFFFFB4                     	CALL	_wait_KBC_sendready
    45 0000004C 68 000000F4                     	PUSH	244
    46 00000051 6A 60                           	PUSH	96
    47 00000053 E8 [00000000]                   	CALL	_io_out8
    48 00000058 C9                              	LEAVE
    49 00000059 C3                              	RET
    50 0000005A                                 	GLOBAL	_Mouse_Decode
    51 0000005A                                 _Mouse_Decode:
    52 0000005A 55                              	PUSH	EBP
    53 0000005B 89 E5                           	MOV	EBP,ESP
    54 0000005D 56                              	PUSH	ESI
    55 0000005E 53                              	PUSH	EBX
    56 0000005F 8B 55 08                        	MOV	EDX,DWORD [8+EBP]
    57 00000062 8B 4D 0C                        	MOV	ECX,DWORD [12+EBP]
    58 00000065 89 CE                           	MOV	ESI,ECX
    59 00000067 8A 42 03                        	MOV	AL,BYTE [3+EDX]
    60 0000006A 84 C0                           	TEST	AL,AL
    61 0000006C 75 11                           	JNE	L9
    62 0000006E 80 F9 FA                        	CMP	CL,-6
    63 00000071 74 06                           	JE	L18
    64 00000073                                 L17:
    65 00000073 31 C0                           	XOR	EAX,EAX
    66 00000075                                 L8:
    67 00000075 5B                              	POP	EBX
    68 00000076 5E                              	POP	ESI
    69 00000077 5D                              	POP	EBP
    70 00000078 C3                              	RET
    71 00000079                                 L18:
    72 00000079 C6 42 03 01                     	MOV	BYTE [3+EDX],1
    73 0000007D EB F4                           	JMP	L17
    74 0000007F                                 L9:
    75 0000007F 3C 01                           	CMP	AL,1
    76 00000081 74 61                           	JE	L19
    77 00000083 3C 02                           	CMP	AL,2
    78 00000085 74 54                           	JE	L20
    79 00000087 3C 03                           	CMP	AL,3
    80 00000089 74 05                           	JE	L21
    81 0000008B 83 C8 FF                        	OR	EAX,-1
    82 0000008E EB E5                           	JMP	L8
    83 00000090                                 L21:
    84 00000090 8A 1A                           	MOV	BL,BYTE [EDX]
    85 00000092 81 E6 000000FF                  	AND	ESI,255
    86 00000098 89 D8                           	MOV	EAX,EBX
    87 0000009A 88 4A 02                        	MOV	BYTE [2+EDX],CL
    88 0000009D 83 E0 07                        	AND	EAX,7
    89 000000A0 89 72 08                        	MOV	DWORD [8+EDX],ESI
    90 000000A3 89 42 0C                        	MOV	DWORD [12+EDX],EAX
    91 000000A6 88 D8                           	MOV	AL,BL
    92 000000A8 0F B6 4A 01                     	MOVZX	ECX,BYTE [1+EDX]
    93 000000AC 83 E0 10                        	AND	EAX,16
    94 000000AF 89 4A 04                        	MOV	DWORD [4+EDX],ECX
    95 000000B2 C6 42 03 01                     	MOV	BYTE [3+EDX],1
    96 000000B6 84 C0                           	TEST	AL,AL
    97 000000B8 74 09                           	JE	L15
    98 000000BA 81 C9 FFFFFF00                  	OR	ECX,-256
    99 000000C0 89 4A 04                        	MOV	DWORD [4+EDX],ECX
   100 000000C3                                 L15:
   101 000000C3 83 E3 20                        	AND	EBX,32
   102 000000C6 84 DB                           	TEST	BL,BL
   103 000000C8 74 07                           	JE	L16
   104 000000CA 81 4A 08 FFFFFF00               	OR	DWORD [8+EDX],-256
   105 000000D1                                 L16:
   106 000000D1 F7 5A 08                        	NEG	DWORD [8+EDX]
   107 000000D4 B8 00000001                     	MOV	EAX,1
   108 000000D9 EB 9A                           	JMP	L8
   109 000000DB                                 L20:
   110 000000DB 88 4A 01                        	MOV	BYTE [1+EDX],CL
   111 000000DE C6 42 03 03                     	MOV	BYTE [3+EDX],3
   112 000000E2 EB 8F                           	JMP	L17
   113 000000E4                                 L19:
   114 000000E4 83 E6 C8                        	AND	ESI,-56
   115 000000E7 89 F0                           	MOV	EAX,ESI
   116 000000E9 3C 08                           	CMP	AL,8
   117 000000EB 75 86                           	JNE	L17
   118 000000ED 88 0A                           	MOV	BYTE [EDX],CL
   119 000000EF C6 42 03 02                     	MOV	BYTE [3+EDX],2
   120 000000F3 E9 FFFFFF7B                     	JMP	L17
